["2026-06-04T01:25:40.983", "DEBUG", "ubuntupro.config", "parse_config", 518, "Using client configuration file at /etc/ubuntu-advantage/uaclient.conf", {}]
["2026-06-04T01:25:40.989", "DEBUG", "ubuntupro.system", "load_file", 583, "Reading file: /etc/ubuntu-advantage/uaclient.conf", {}]
["2026-06-04T01:25:40.991", "DEBUG", "ubuntupro.files.files", "read", 58, "Tried to load /var/lib/ubuntu-advantage/user-config.json but file does not exist", {}]
["2026-06-04T01:25:41.002", "DEBUG", "ubuntupro.http", "configure_web_proxy", 149, "Setting no_proxy: 169.254.169.254,[fd00:ec2::254],metadata", {}]
["2026-06-04T01:25:41.002", "DEBUG", "ubuntupro.http", "configure_web_proxy", 157, "Setting global proxy dict", {}]
["2026-06-04T01:25:41.003", "DEBUG", "ubuntupro.cli", "main", 287, "Executed with sys.argv: ['/usr/bin/pro', 'api', 'u.pro.status.is_attached.v1']", {}]
["2026-06-04T01:25:41.003", "DEBUG", "ubuntupro.files.files", "read", 58, "Tried to load /var/lib/ubuntu-advantage/machine-token.json but file does not exist", {}]
["2026-06-04T01:25:41.003", "DEBUG", "ubuntupro.files.files", "read", 58, "Tried to load /var/lib/ubuntu-advantage/machine-token.json but file does not exist", {}]
["2026-06-04T01:29:29.086", "DEBUG", "ubuntupro.config", "parse_config", 518, "Using client configuration file at /etc/ubuntu-advantage/uaclient.conf", {}]
["2026-06-04T01:29:29.093", "DEBUG", "ubuntupro.system", "load_file", 583, "Reading file: /etc/ubuntu-advantage/uaclient.conf", {}]
["2026-06-04T01:29:29.094", "DEBUG", "ubuntupro.files.files", "read", 58, "Tried to load /var/lib/ubuntu-advantage/user-config.json but file does not exist", {}]
["2026-06-04T01:29:29.102", "DEBUG", "ubuntupro.http", "configure_web_proxy", 149, "Setting no_proxy: 169.254.169.254,[fd00:ec2::254],metadata", {}]
["2026-06-04T01:29:29.103", "DEBUG", "ubuntupro.http", "configure_web_proxy", 157, "Setting global proxy dict", {}]
["2026-06-04T01:29:29.103", "DEBUG", "ubuntupro.cli", "main", 287, "Executed with sys.argv: ['/usr/bin/pro', 'api', 'u.pro.status.is_attached.v1']", {}]
["2026-06-04T01:29:29.103", "DEBUG", "ubuntupro.files.files", "read", 58, "Tried to load /var/lib/ubuntu-advantage/machine-token.json but file does not exist", {}]
["2026-06-04T01:29:29.103", "DEBUG", "ubuntupro.files.files", "read", 58, "Tried to load /var/lib/ubuntu-advantage/machine-token.json but file does not exist", {}]
["2026-06-04T17:59:01.844", "DEBUG", "ubuntupro.config", "parse_config", 518, "Using client configuration file at /etc/ubuntu-advantage/uaclient.conf", {}]
["2026-06-04T17:59:01.849", "DEBUG", "ubuntupro.system", "load_file", 583, "Reading file: /etc/ubuntu-advantage/uaclient.conf", {}]
["2026-06-04T17:59:01.850", "DEBUG", "ubuntupro.files.files", "read", 58, "Tried to load /var/lib/ubuntu-advantage/user-config.json but file does not exist", {}]
["2026-06-04T17:59:01.857", "DEBUG", "ubuntupro.http", "configure_web_proxy", 149, "Setting no_proxy: 169.254.169.254,[fd00:ec2::254],metadata", {}]
["2026-06-04T17:59:01.858", "DEBUG", "ubuntupro.http", "configure_web_proxy", 157, "Setting global proxy dict", {}]
["2026-06-04T17:59:01.858", "DEBUG", "ubuntupro.cli", "main", 287, "Executed with sys.argv: ['/usr/bin/pro', 'api', 'u.pro.status.is_attached.v1']", {}]
["2026-06-04T17:59:01.858", "DEBUG", "ubuntupro.files.files", "read", 58, "Tried to load /var/lib/ubuntu-advantage/machine-token.json but file does not exist", {}]
["2026-06-04T17:59:01.858", "DEBUG", "ubuntupro.files.files", "read", 58, "Tried to load /var/lib/ubuntu-advantage/machine-token.json but file does not exist", {}]
["2026-06-04T18:44:51.239", "DEBUG", "ubuntupro.config", "parse_config", 518, "Using client configuration file at /etc/ubuntu-advantage/uaclient.conf", {}]
["2026-06-04T18:44:51.251", "DEBUG", "ubuntupro.system", "load_file", 583, "Reading file: /etc/ubuntu-advantage/uaclient.conf", {}]
["2026-06-04T18:44:51.256", "DEBUG", "ubuntupro.files.files", "read", 58, "Tried to load /var/lib/ubuntu-advantage/user-config.json but file does not exist", {}]
["2026-06-04T18:44:51.278", "DEBUG", "ubuntupro.http", "configure_web_proxy", 149, "Setting no_proxy: 169.254.169.254,[fd00:ec2::254],metadata", {}]
["2026-06-04T18:44:51.279", "DEBUG", "ubuntupro.http", "configure_web_proxy", 157, "Setting global proxy dict", {}]
["2026-06-04T18:44:51.280", "DEBUG", "ubuntupro.cli", "main", 287, "Executed with sys.argv: ['/usr/bin/pro', 'api', 'u.pro.status.is_attached.v1']", {}]
["2026-06-04T18:44:51.281", "DEBUG", "ubuntupro.files.files", "read", 58, "Tried to load /var/lib/ubuntu-advantage/machine-token.json but file does not exist", {}]
["2026-06-04T18:44:51.281", "DEBUG", "ubuntupro.files.files", "read", 58, "Tried to load /var/lib/ubuntu-advantage/machine-token.json but file does not exist", {}]
["2026-06-04T20:42:59.789", "DEBUG", "ubuntupro.config", "parse_config", 518, "Using client configuration file at /etc/ubuntu-advantage/uaclient.conf", {}]
["2026-06-04T20:42:59.793", "DEBUG", "ubuntupro.system", "load_file", 583, "Reading file: /etc/ubuntu-advantage/uaclient.conf", {}]
["2026-06-04T20:42:59.793", "DEBUG", "ubuntupro.files.files", "read", 58, "Tried to load /var/lib/ubuntu-advantage/user-config.json but file does not exist", {}]
["2026-06-04T20:42:59.798", "DEBUG", "ubuntupro.http", "configure_web_proxy", 149, "Setting no_proxy: 169.254.169.254,[fd00:ec2::254],metadata", {}]
["2026-06-04T20:42:59.799", "DEBUG", "ubuntupro.http", "configure_web_proxy", 157, "Setting global proxy dict", {}]
["2026-06-04T20:42:59.799", "DEBUG", "ubuntupro.cli", "main", 287, "Executed with sys.argv: ['/usr/bin/pro', 'api', 'u.pro.status.is_attached.v1']", {}]
["2026-06-04T20:42:59.799", "DEBUG", "ubuntupro.files.files", "read", 58, "Tried to load /var/lib/ubuntu-advantage/machine-token.json but file does not exist", {}]
["2026-06-04T20:42:59.800", "DEBUG", "ubuntupro.files.files", "read", 58, "Tried to load /var/lib/ubuntu-advantage/machine-token.json but file does not exist", {}]
